.\gradlew.bat : 
At line:1 char:54
+ ... ioProjects\TrustLock"; .\gradlew.bat clean assembleDebug 2>&1 | Tee-O ...
+                            ~~~~~~~~~~~~~~~~~~~~~~~~~~~~~~~~~~~~~~
    + CategoryInfo          : NotSpecified: (:String) [], RemoteException
    + FullyQualifiedErrorId : NativeCommandError
 
FAILURE: Build failed with an exception.

* Where:
Build file 'C:\Users\umerf\AndroidStudioProjects\TrustLock\app\build.gradle.kts' line: 1

* What went wrong:
An exception occurred applying plugin request [id: 'androidx.navigation.safeargs', version: '2.8.5']
> Failed to apply plugin 'androidx.navigation.safeargs'.
   > safeargs plugin must be used with android plugin

* Try:
> Run with --stacktrace option to get the stack trace.
> Run with --info or --debug option to get more log output.
> Run with --scan to generate a Build Scan (Powered by Develocity).
> Get more help at https://help.gradle.org.

BUILD FAILED in 5s
